This job can be monitored from: https://job.c3se.chalmers.se/alvis/6370971
Device: cuda
Split: 5587 train / 1117 val / 744 test runs
  [skip] data/3923 — missing dist.npz, cte.npz, or maneuver.npz
  [skip] data/5144 — missing dist.npz, cte.npz, or maneuver.npz
  [skip] data/5133 — missing dist.npz, cte.npz, or maneuver.npz
  [skip] data/3837 — missing dist.npz, cte.npz, or maneuver.npz
  [skip] data/3838 — missing dist.npz, cte.npz, or maneuver.npz
  [skip] data/3896 — missing dist.npz, cte.npz, or maneuver.npz
  [skip] data/5127 — missing dist.npz, cte.npz, or maneuver.npz
  [skip] data/5140 — missing dist.npz, cte.npz, or maneuver.npz
  [skip] data/3859 — missing dist.npz, cte.npz, or maneuver.npz
  [skip] data/5143 — missing dist.npz, cte.npz, or maneuver.npz
  [skip] data/3813 — missing dist.npz, cte.npz, or maneuver.npz
  [skip] data/2445 — missing dist.npz, cte.npz, or maneuver.npz
  [skip] data/4196 — missing dist.npz, cte.npz, or maneuver.npz
  [skip] data/3925 — missing dist.npz, cte.npz, or maneuver.npz
  [skip] data/3815 — missing dist.npz, cte.npz, or maneuver.npz
  [skip] data/2190 — missing dist.npz, cte.npz, or maneuver.npz
  [skip] data/3955 — missing dist.npz, cte.npz, or maneuver.npz
  [skip] data/3915 — missing dist.npz, cte.npz, or maneuver.npz
  [skip] data/3920 — missing dist.npz, cte.npz, or maneuver.npz
  [skip] data/5136 — missing dist.npz, cte.npz, or maneuver.npz
  [skip] data/2077 — missing dist.npz, cte.npz, or maneuver.npz
  [skip] data/5142 — missing dist.npz, cte.npz, or maneuver.npz
  [skip] data/3960 — missing dist.npz, cte.npz, or maneuver.npz
  [skip] data/3868 — missing dist.npz, cte.npz, or maneuver.npz
  [skip] data/3962 — missing dist.npz, cte.npz, or maneuver.npz
  [skip] data/3930 — missing dist.npz, cte.npz, or maneuver.npz
  [skip] data/3021 — missing dist.npz, cte.npz, or maneuver.npz
  [skip] data/3944 — missing dist.npz, cte.npz, or maneuver.npz
  [skip] data/3809 — missing dist.npz, cte.npz, or maneuver.npz
  [skip] data/5139 — missing dist.npz, cte.npz, or maneuver.npz
  [skip] data/3940 — missing dist.npz, cte.npz, or maneuver.npz
  [skip] data/4178 — missing dist.npz, cte.npz, or maneuver.npz
  [skip] data/3932 — missing dist.npz, cte.npz, or maneuver.npz
  [skip] data/4176 — missing dist.npz, cte.npz, or maneuver.npz
  [skip] data/3941 — missing dist.npz, cte.npz, or maneuver.npz
  [skip] data/5132 — missing dist.npz, cte.npz, or maneuver.npz
  [skip] data/4227 — missing dist.npz, cte.npz, or maneuver.npz
  [skip] data/2278 — missing dist.npz, cte.npz, or maneuver.npz
  [skip] data/3819 — missing dist.npz, cte.npz, or maneuver.npz
  [skip] data/3943 — missing dist.npz, cte.npz, or maneuver.npz
  [skip] data/5122 — missing dist.npz, cte.npz, or maneuver.npz
  [skip] data/3818 — missing dist.npz, cte.npz, or maneuver.npz
  [skip] data/3827 — missing dist.npz, cte.npz, or maneuver.npz
  [skip] data/5129 — missing dist.npz, cte.npz, or maneuver.npz
  [skip] data/3820 — missing dist.npz, cte.npz, or maneuver.npz
  [skip] data/3823 — missing dist.npz, cte.npz, or maneuver.npz
  [skip] data/3928 — missing dist.npz, cte.npz, or maneuver.npz
  [skip] data/5124 — missing dist.npz, cte.npz, or maneuver.npz
  [skip] data/2217 — missing dist.npz, cte.npz, or maneuver.npz
  [skip] data/5123 — missing dist.npz, cte.npz, or maneuver.npz
  [skip] data/5134 — missing dist.npz, cte.npz, or maneuver.npz
  [skip] data/5141 — missing dist.npz, cte.npz, or maneuver.npz
  [skip] data/3933 — missing dist.npz, cte.npz, or maneuver.npz
  [skip] data/2464 — missing dist.npz, cte.npz, or maneuver.npz
  [skip] data/2303 — missing dist.npz, cte.npz, or maneuver.npz
  [skip] data/3918 — missing dist.npz, cte.npz, or maneuver.npz
  [skip] data/3871 — missing dist.npz, cte.npz, or maneuver.npz
  [skip] data/3913 — missing dist.npz, cte.npz, or maneuver.npz
  [skip] data/2416 — missing dist.npz, cte.npz, or maneuver.npz
  [skip] data/5126 — missing dist.npz, cte.npz, or maneuver.npz
  [skip] data/3902 — missing dist.npz, cte.npz, or maneuver.npz
  [skip] data/5131 — missing dist.npz, cte.npz, or maneuver.npz
  [skip] data/2369 — missing dist.npz, cte.npz, or maneuver.npz
  [skip] data/4192 — missing dist.npz, cte.npz, or maneuver.npz
  [skip] data/3836 — missing dist.npz, cte.npz, or maneuver.npz
  [skip] data/3931 — missing dist.npz, cte.npz, or maneuver.npz
  [skip] data/3894 — missing dist.npz, cte.npz, or maneuver.npz
  [skip] data/3834 — missing dist.npz, cte.npz, or maneuver.npz
  [skip] data/3844 — missing dist.npz, cte.npz, or maneuver.npz
  [skip] data/3929 — missing dist.npz, cte.npz, or maneuver.npz
  [skip] data/5138 — missing dist.npz, cte.npz, or maneuver.npz
  [skip] data/5128 — missing dist.npz, cte.npz, or maneuver.npz
  [skip] data/3926 — missing dist.npz, cte.npz, or maneuver.npz
  [skip] data/5137 — missing dist.npz, cte.npz, or maneuver.npz
  [skip] data/2476 — missing dist.npz, cte.npz, or maneuver.npz
  [skip] data/3948 — missing dist.npz, cte.npz, or maneuver.npz
  [skip] data/3921 — missing dist.npz, cte.npz, or maneuver.npz
Dataset: 1148976 samples from 5587 runs (coarse granularity)
  [skip] data/3875 — missing dist.npz, cte.npz, or maneuver.npz
  [skip] data/3945 — missing dist.npz, cte.npz, or maneuver.npz
  [skip] data/2400 — missing dist.npz, cte.npz, or maneuver.npz
  [skip] data/5135 — missing dist.npz, cte.npz, or maneuver.npz
  [skip] data/3835 — missing dist.npz, cte.npz, or maneuver.npz
  [skip] data/5130 — missing dist.npz, cte.npz, or maneuver.npz
  [skip] data/3907 — missing dist.npz, cte.npz, or maneuver.npz
  [skip] data/4161 — missing dist.npz, cte.npz, or maneuver.npz
  [skip] data/5121 — missing dist.npz, cte.npz, or maneuver.npz
  [skip] data/5120 — missing dist.npz, cte.npz, or maneuver.npz
  [skip] data/3922 — missing dist.npz, cte.npz, or maneuver.npz
  [skip] data/3856 — missing dist.npz, cte.npz, or maneuver.npz
  [skip] data/3867 — missing dist.npz, cte.npz, or maneuver.npz
  [skip] data/3899 — missing dist.npz, cte.npz, or maneuver.npz
  [skip] data/3795 — missing dist.npz, cte.npz, or maneuver.npz
  [skip] data/3924 — missing dist.npz, cte.npz, or maneuver.npz
Dataset: 228775 samples from 1117 runs (coarse granularity)
  [skip] data/3878 — missing dist.npz, cte.npz, or maneuver.npz
  [skip] data/3893 — missing dist.npz, cte.npz, or maneuver.npz
  [skip] data/2333 — missing dist.npz, cte.npz, or maneuver.npz
  [skip] data/4151 — missing dist.npz, cte.npz, or maneuver.npz
  [skip] data/3927 — missing dist.npz, cte.npz, or maneuver.npz
  [skip] data/3953 — missing dist.npz, cte.npz, or maneuver.npz
  [skip] data/5125 — missing dist.npz, cte.npz, or maneuver.npz
  [skip] data/3804 — missing dist.npz, cte.npz, or maneuver.npz
Dataset: 153015 samples from 744 runs (coarse granularity)

Training resnet50 + coarse granularity

