Failed to create secure directory (/run/user/10189513/pulse): No such file or directory
ALSA lib confmisc.c:767:(parse_card) cannot find card '0'
ALSA lib conf.c:4528:(_snd_config_evaluate) function snd_func_card_driver returned error: No such file or directory
ALSA lib confmisc.c:392:(snd_func_concat) error evaluating strings
ALSA lib conf.c:4528:(_snd_config_evaluate) function snd_func_concat returned error: No such file or directory
ALSA lib confmisc.c:1246:(snd_func_refer) error evaluating name
ALSA lib conf.c:4528:(_snd_config_evaluate) function snd_func_refer returned error: No such file or directory
ALSA lib conf.c:5007:(snd_config_expand) Evaluate error: No such file or directory
ALSA lib pcm.c:2495:(snd_pcm_open_noupdate) Unknown PCM default
ALSA lib confmisc.c:767:(parse_card) cannot find card '0'
ALSA lib conf.c:4528:(_snd_config_evaluate) function snd_func_card_driver returned error: No such file or directory
ALSA lib confmisc.c:392:(snd_func_concat) error evaluating strings
ALSA lib conf.c:4528:(_snd_config_evaluate) function snd_func_concat returned error: No such file or directory
ALSA lib confmisc.c:1246:(snd_func_refer) error evaluating name
ALSA lib conf.c:4528:(_snd_config_evaluate) function snd_func_refer returned error: No such file or directory
ALSA lib conf.c:5007:(snd_config_expand) Evaluate error: No such file or directory
ALSA lib pcm.c:2495:(snd_pcm_open_noupdate) Unknown PCM default
Failed to create secure directory (/run/user/10189513/pulse): No such file or directory
ALSA lib confmisc.c:767:(parse_card) cannot find card '0'
ALSA lib conf.c:4528:(_snd_config_evaluate) function snd_func_card_driver returned error: No such file or directory
ALSA lib confmisc.c:392:(snd_func_concat) error evaluating strings
ALSA lib conf.c:4528:(_snd_config_evaluate) function snd_func_concat returned error: No such file or directory
ALSA lib confmisc.c:1246:(snd_func_refer) error evaluating name
ALSA lib conf.c:4528:(_snd_config_evaluate) function snd_func_refer returned error: No such file or directory
ALSA lib conf.c:5007:(snd_config_expand) Evaluate error: No such file or directory
ALSA lib pcm.c:2495:(snd_pcm_open_noupdate) Unknown PCM default
ALSA lib confmisc.c:767:(parse_card) cannot find card '0'
ALSA lib conf.c:4528:(_snd_config_evaluate) function snd_func_card_driver returned error: No such file or directory
ALSA lib confmisc.c:392:(snd_func_concat) error evaluating strings
ALSA lib conf.c:4528:(_snd_config_evaluate) function snd_func_concat returned error: No such file or directory
ALSA lib confmisc.c:1246:(snd_func_refer) error evaluating name
ALSA lib conf.c:4528:(_snd_config_evaluate) function snd_func_refer returned error: No such file or directory
ALSA lib conf.c:5007:(snd_config_expand) Evaluate error: No such file or directory
ALSA lib pcm.c:2495:(snd_pcm_open_noupdate) Unknown PCM default
Traceback (most recent call last; use -b to show Scenic internals):
  File "/mimer/NOBACKUP/groups/naiss2024-22-404/Scenic/src/scenic/simulators/carla/simulator.py", line 48, in __init__
    self.world = self.client.load_world(carla_map)
RuntimeError: time-out of 30000ms while waiting for the simulator, make sure the simulator is ready and connected to 127.0.0.1:2000

The above exception was the direct cause of the following exception:

Traceback (most recent call last; use -b to show Scenic internals):
  File "/mimer/NOBACKUP/groups/naiss2024-22-404/Scenic/src/scenic/simulators/carla/model.scenic", line 107, in <lambda>
    simulator CarlaSimulator(
  File "/mimer/NOBACKUP/groups/naiss2024-22-404/Scenic/src/scenic/simulators/carla/simulator.py", line 50, in __init__
    raise RuntimeError(f"CARLA could not load world '{carla_map}'") from e
RuntimeError: CARLA could not load world 'Town01'
Traceback (most recent call last; use -b to show Scenic internals):
  File "/mimer/NOBACKUP/groups/naiss2024-22-404/Scenic/src/scenic/simulators/carla/simulator.py", line 83, in createSimulation
    return CarlaSimulation(
  File "/mimer/NOBACKUP/groups/naiss2024-22-404/Scenic/src/scenic/simulators/carla/simulator.py", line 116, in __init__
    super().__init__(scene, **kwargs)
ValueError: not enough values to unpack (expected 2, got 0)
Traceback (most recent call last; use -b to show Scenic internals):
  File "/mimer/NOBACKUP/groups/naiss2024-22-404/Scenic/src/scenic/simulators/carla/simulator.py", line 83, in createSimulation
    return CarlaSimulation(
  File "/mimer/NOBACKUP/groups/naiss2024-22-404/Scenic/src/scenic/simulators/carla/simulator.py", line 116, in __init__
    super().__init__(scene, **kwargs)
ValueError: not enough values to unpack (expected 2, got 0)
Traceback (most recent call last; use -b to show Scenic internals):
  File "/mimer/NOBACKUP/groups/naiss2024-22-404/Scenic/src/scenic/simulators/carla/simulator.py", line 83, in createSimulation
    return CarlaSimulation(
  File "/mimer/NOBACKUP/groups/naiss2024-22-404/Scenic/src/scenic/simulators/carla/simulator.py", line 116, in __init__
    super().__init__(scene, **kwargs)
ValueError: not enough values to unpack (expected 2, got 0)
Traceback (most recent call last; use -b to show Scenic internals):
  File "/mimer/NOBACKUP/groups/naiss2024-22-404/Scenic/src/scenic/simulators/carla/simulator.py", line 83, in createSimulation
    return CarlaSimulation(
  File "/mimer/NOBACKUP/groups/naiss2024-22-404/Scenic/src/scenic/simulators/carla/simulator.py", line 116, in __init__
    super().__init__(scene, **kwargs)
ValueError: not enough values to unpack (expected 2, got 0)
Traceback (most recent call last; use -b to show Scenic internals):
  File "/mimer/NOBACKUP/groups/naiss2024-22-404/Scenic/src/scenic/simulators/carla/simulator.py", line 83, in createSimulation
    return CarlaSimulation(
  File "/mimer/NOBACKUP/groups/naiss2024-22-404/Scenic/src/scenic/simulators/carla/simulator.py", line 116, in __init__
    super().__init__(scene, **kwargs)
ValueError: not enough values to unpack (expected 2, got 0)
Traceback (most recent call last; use -b to show Scenic internals):
  File "/mimer/NOBACKUP/groups/naiss2024-22-404/Scenic/src/scenic/simulators/carla/simulator.py", line 83, in createSimulation
    return CarlaSimulation(
  File "/mimer/NOBACKUP/groups/naiss2024-22-404/Scenic/src/scenic/simulators/carla/simulator.py", line 116, in __init__
    super().__init__(scene, **kwargs)
ValueError: not enough values to unpack (expected 2, got 0)
Traceback (most recent call last; use -b to show Scenic internals):
  File "/mimer/NOBACKUP/groups/naiss2024-22-404/Scenic/src/scenic/simulators/carla/simulator.py", line 83, in createSimulation
    return CarlaSimulation(
  File "/mimer/NOBACKUP/groups/naiss2024-22-404/Scenic/src/scenic/simulators/carla/simulator.py", line 116, in __init__
    super().__init__(scene, **kwargs)
ValueError: not enough values to unpack (expected 2, got 0)
Traceback (most recent call last; use -b to show Scenic internals):
  File "/mimer/NOBACKUP/groups/naiss2024-22-404/Scenic/src/scenic/simulators/carla/simulator.py", line 83, in createSimulation
    return CarlaSimulation(
  File "/mimer/NOBACKUP/groups/naiss2024-22-404/Scenic/src/scenic/simulators/carla/simulator.py", line 116, in __init__
    super().__init__(scene, **kwargs)
ValueError: not enough values to unpack (expected 2, got 0)
Traceback (most recent call last; use -b to show Scenic internals):
  File "/mimer/NOBACKUP/groups/naiss2024-22-404/Scenic/src/scenic/simulators/carla/simulator.py", line 83, in createSimulation
    return CarlaSimulation(
  File "/mimer/NOBACKUP/groups/naiss2024-22-404/Scenic/src/scenic/simulators/carla/simulator.py", line 116, in __init__
    super().__init__(scene, **kwargs)
ValueError: not enough values to unpack (expected 2, got 0)
Traceback (most recent call last; use -b to show Scenic internals):
  File "/mimer/NOBACKUP/groups/naiss2024-22-404/Scenic/src/scenic/simulators/carla/simulator.py", line 83, in createSimulation
    return CarlaSimulation(
  File "/mimer/NOBACKUP/groups/naiss2024-22-404/Scenic/src/scenic/simulators/carla/simulator.py", line 116, in __init__
    super().__init__(scene, **kwargs)
ValueError: not enough values to unpack (expected 2, got 0)
Traceback (most recent call last; use -b to show Scenic internals):
  File "/mimer/NOBACKUP/groups/naiss2024-22-404/Scenic/src/scenic/simulators/carla/simulator.py", line 83, in createSimulation
    return CarlaSimulation(
  File "/mimer/NOBACKUP/groups/naiss2024-22-404/Scenic/src/scenic/simulators/carla/simulator.py", line 116, in __init__
    super().__init__(scene, **kwargs)
ValueError: not enough values to unpack (expected 2, got 0)
Traceback (most recent call last; use -b to show Scenic internals):
  File "/mimer/NOBACKUP/groups/naiss2024-22-404/Scenic/src/scenic/simulators/carla/simulator.py", line 83, in createSimulation
    return CarlaSimulation(
  File "/mimer/NOBACKUP/groups/naiss2024-22-404/Scenic/src/scenic/simulators/carla/simulator.py", line 116, in __init__
    super().__init__(scene, **kwargs)
ValueError: not enough values to unpack (expected 2, got 0)
slurmstepd: error: *** JOB 6345275 ON alvis2-05 CANCELLED AT 2026-04-07T09:07:05 ***
slurmstepd: error: *** STEP 6345275.0 ON alvis2-05 CANCELLED AT 2026-04-07T09:07:05 ***
srun: Job step aborted: Waiting up to 122 seconds for job step to finish.
