This job can be monitored from: https://job.c3se.chalmers.se/alvis/6390602
Copying dataset to local scratch: /local/tmp.6390602
Device: cuda
Split: 1,510,049 train / 302,009 val / 201,339 test samples
Dataset: 1510049 samples (coarse granularity) from /local/tmp.6390602/dataset_packed.h5
Dataset: 302009 samples (coarse granularity) from /local/tmp.6390602/dataset_packed.h5
Dataset: 201339 samples (coarse granularity) from /local/tmp.6390602/dataset_packed.h5
torch.compile() enabled

Training resnet50 + coarse granularity

Mixed precision (AMP) enabled
Epoch   1/30 | train loss=0.1897 (cte=0.0006, dist=0.1265) | val loss=0.1024 cte_mae=0.0101 dist_acc=0.898
  ✓ Saved best model → /mimer/NOBACKUP/groups/naiss2025-22-1298/CMO/experiments/checkpoints/train_faster/resnet50_c/resnet50_coarse_best.pt
Epoch   2/30 | train loss=0.0950 (cte=0.0003, dist=0.0677) | val loss=0.0819 cte_mae=0.0098 dist_acc=0.919
  ✓ Saved best model → /mimer/NOBACKUP/groups/naiss2025-22-1298/CMO/experiments/checkpoints/train_faster/resnet50_c/resnet50_coarse_best.pt
Epoch   3/30 | train loss=0.0773 (cte=0.0002, dist=0.0545) | val loss=0.0745 cte_mae=0.0101 dist_acc=0.929
  ✓ Saved best model → /mimer/NOBACKUP/groups/naiss2025-22-1298/CMO/experiments/checkpoints/train_faster/resnet50_c/resnet50_coarse_best.pt
Epoch   4/30 | train loss=0.0667 (cte=0.0002, dist=0.0471) | val loss=0.0667 cte_mae=0.0083 dist_acc=0.935
  ✓ Saved best model → /mimer/NOBACKUP/groups/naiss2025-22-1298/CMO/experiments/checkpoints/train_faster/resnet50_c/resnet50_coarse_best.pt
Epoch   5/30 | train loss=0.0594 (cte=0.0002, dist=0.0419) | val loss=0.0633 cte_mae=0.0097 dist_acc=0.939
  ✓ Saved best model → /mimer/NOBACKUP/groups/naiss2025-22-1298/CMO/experiments/checkpoints/train_faster/resnet50_c/resnet50_coarse_best.pt
Epoch   6/30 | train loss=0.0539 (cte=0.0002, dist=0.0377) | val loss=0.0592 cte_mae=0.0067 dist_acc=0.942
  ✓ Saved best model → /mimer/NOBACKUP/groups/naiss2025-22-1298/CMO/experiments/checkpoints/train_faster/resnet50_c/resnet50_coarse_best.pt
Epoch   7/30 | train loss=0.0491 (cte=0.0001, dist=0.0344) | val loss=0.0596 cte_mae=0.0079 dist_acc=0.942
Epoch   8/30 | train loss=0.0448 (cte=0.0001, dist=0.0316) | val loss=0.0554 cte_mae=0.0060 dist_acc=0.946
  ✓ Saved best model → /mimer/NOBACKUP/groups/naiss2025-22-1298/CMO/experiments/checkpoints/train_faster/resnet50_c/resnet50_coarse_best.pt
Epoch   9/30 | train loss=0.0417 (cte=0.0001, dist=0.0290) | val loss=0.0590 cte_mae=0.0076 dist_acc=0.946
Epoch  10/30 | train loss=0.0385 (cte=0.0001, dist=0.0267) | val loss=0.0566 cte_mae=0.0067 dist_acc=0.946
Epoch  11/30 | train loss=0.0359 (cte=0.0001, dist=0.0248) | val loss=0.0560 cte_mae=0.0065 dist_acc=0.947
Epoch  12/30 | train loss=0.0333 (cte=0.0001, dist=0.0230) | val loss=0.0568 cte_mae=0.0058 dist_acc=0.947
Epoch  13/30 | train loss=0.0222 (cte=0.0001, dist=0.0147) | val loss=0.0573 cte_mae=0.0053 dist_acc=0.951
  Early stopping after 5 epoch(s) without improvement.

=== Test set evaluation ===
