This job can be monitored from: https://job.c3se.chalmers.se/alvis/6390591
Copying dataset to local scratch: /local/tmp.6390591
Device: cuda
Split: 1,510,049 train / 302,009 val / 201,339 test samples
Dataset: 1510049 samples (medium granularity) from /local/tmp.6390591/dataset_packed.h5
Dataset: 302009 samples (medium granularity) from /local/tmp.6390591/dataset_packed.h5
Dataset: 201339 samples (medium granularity) from /local/tmp.6390591/dataset_packed.h5
torch.compile() enabled

Training resnet50 + medium granularity

Mixed precision (AMP) enabled
Epoch   1/30 | train loss=0.1779 (cte=0.0006, dist=0.1156) | val loss=0.0993 cte_mae=0.0123 dist_acc=0.832
  ✓ Saved best model → /mimer/NOBACKUP/groups/naiss2025-22-1298/CMO/experiments/checkpoints/train_faster/resnet50_m/resnet50_medium_best.pt
Epoch   2/30 | train loss=0.0889 (cte=0.0003, dist=0.0626) | val loss=0.0781 cte_mae=0.0095 dist_acc=0.869
  ✓ Saved best model → /mimer/NOBACKUP/groups/naiss2025-22-1298/CMO/experiments/checkpoints/train_faster/resnet50_m/resnet50_medium_best.pt
Epoch   3/30 | train loss=0.0739 (cte=0.0002, dist=0.0516) | val loss=0.0687 cte_mae=0.0090 dist_acc=0.883
  ✓ Saved best model → /mimer/NOBACKUP/groups/naiss2025-22-1298/CMO/experiments/checkpoints/train_faster/resnet50_m/resnet50_medium_best.pt
Epoch   4/30 | train loss=0.0648 (cte=0.0002, dist=0.0452) | val loss=0.0634 cte_mae=0.0075 dist_acc=0.892
  ✓ Saved best model → /mimer/NOBACKUP/groups/naiss2025-22-1298/CMO/experiments/checkpoints/train_faster/resnet50_m/resnet50_medium_best.pt
Epoch   5/30 | train loss=0.0585 (cte=0.0002, dist=0.0409) | val loss=0.0604 cte_mae=0.0074 dist_acc=0.899
  ✓ Saved best model → /mimer/NOBACKUP/groups/naiss2025-22-1298/CMO/experiments/checkpoints/train_faster/resnet50_m/resnet50_medium_best.pt
Epoch   6/30 | train loss=0.0541 (cte=0.0002, dist=0.0377) | val loss=0.0570 cte_mae=0.0067 dist_acc=0.904
  ✓ Saved best model → /mimer/NOBACKUP/groups/naiss2025-22-1298/CMO/experiments/checkpoints/train_faster/resnet50_m/resnet50_medium_best.pt
Epoch   7/30 | train loss=0.0496 (cte=0.0001, dist=0.0349) | val loss=0.0555 cte_mae=0.0075 dist_acc=0.903
  ✓ Saved best model → /mimer/NOBACKUP/groups/naiss2025-22-1298/CMO/experiments/checkpoints/train_faster/resnet50_m/resnet50_medium_best.pt
Epoch   8/30 | train loss=0.0462 (cte=0.0001, dist=0.0325) | val loss=0.0529 cte_mae=0.0063 dist_acc=0.909
  ✓ Saved best model → /mimer/NOBACKUP/groups/naiss2025-22-1298/CMO/experiments/checkpoints/train_faster/resnet50_m/resnet50_medium_best.pt
Epoch   9/30 | train loss=0.0432 (cte=0.0001, dist=0.0305) | val loss=0.0520 cte_mae=0.0081 dist_acc=0.911
  ✓ Saved best model → /mimer/NOBACKUP/groups/naiss2025-22-1298/CMO/experiments/checkpoints/train_faster/resnet50_m/resnet50_medium_best.pt
Epoch  10/30 | train loss=0.0403 (cte=0.0001, dist=0.0285) | val loss=0.0524 cte_mae=0.0062 dist_acc=0.912
Epoch  11/30 | train loss=0.0379 (cte=0.0001, dist=0.0269) | val loss=0.0506 cte_mae=0.0060 dist_acc=0.914
  ✓ Saved best model → /mimer/NOBACKUP/groups/naiss2025-22-1298/CMO/experiments/checkpoints/train_faster/resnet50_m/resnet50_medium_best.pt
Epoch  12/30 | train loss=0.0356 (cte=0.0001, dist=0.0252) | val loss=0.0537 cte_mae=0.0084 dist_acc=0.913
Epoch  13/30 | train loss=0.0335 (cte=0.0001, dist=0.0238) | val loss=0.0542 cte_mae=0.0086 dist_acc=0.915
Epoch  14/30 | train loss=0.0315 (cte=0.0001, dist=0.0224) | val loss=0.0507 cte_mae=0.0060 dist_acc=0.916
Epoch  15/30 | train loss=0.0296 (cte=0.0001, dist=0.0210) | val loss=0.0529 cte_mae=0.0061 dist_acc=0.918
Epoch  16/30 | train loss=0.0205 (cte=0.0001, dist=0.0145) | val loss=0.0508 cte_mae=0.0052 dist_acc=0.924
  Early stopping after 5 epoch(s) without improvement.

=== Test set evaluation ===
