This job can be monitored from: https://job.c3se.chalmers.se/alvis/6390578
Copying dataset to local scratch: /local/tmp.6390578
Device: cuda
Split: 1,510,049 train / 302,009 val / 201,339 test samples
Dataset: 1510049 samples (fine granularity) from /local/tmp.6390578/dataset_packed.h5
Dataset: 302009 samples (fine granularity) from /local/tmp.6390578/dataset_packed.h5
Dataset: 201339 samples (fine granularity) from /local/tmp.6390578/dataset_packed.h5
torch.compile() enabled

Training resnet18 + fine granularity

Mixed precision (AMP) enabled
Epoch   1/30 | train loss=0.1882 (cte=0.0008, dist=0.1109) | val loss=0.1020 cte_mae=0.0113 dist_acc=0.647
  ✓ Saved best model → /mimer/NOBACKUP/groups/naiss2025-22-1298/CMO/experiments/checkpoints/train_faster/resnet18_f/resnet18_fine_best.pt
Epoch   2/30 | train loss=0.0948 (cte=0.0003, dist=0.0639) | val loss=0.0772 cte_mae=0.0091 dist_acc=0.722
  ✓ Saved best model → /mimer/NOBACKUP/groups/naiss2025-22-1298/CMO/experiments/checkpoints/train_faster/resnet18_f/resnet18_fine_best.pt
Epoch   3/30 | train loss=0.0790 (cte=0.0003, dist=0.0535) | val loss=0.0784 cte_mae=0.0139 dist_acc=0.738
Epoch   4/30 | train loss=0.0697 (cte=0.0002, dist=0.0476) | val loss=0.0631 cte_mae=0.0088 dist_acc=0.764
  ✓ Saved best model → /mimer/NOBACKUP/groups/naiss2025-22-1298/CMO/experiments/checkpoints/train_faster/resnet18_f/resnet18_fine_best.pt
Epoch   5/30 | train loss=0.0632 (cte=0.0002, dist=0.0436) | val loss=0.0600 cte_mae=0.0072 dist_acc=0.772
  ✓ Saved best model → /mimer/NOBACKUP/groups/naiss2025-22-1298/CMO/experiments/checkpoints/train_faster/resnet18_f/resnet18_fine_best.pt
Epoch   6/30 | train loss=0.0586 (cte=0.0002, dist=0.0407) | val loss=0.0569 cte_mae=0.0073 dist_acc=0.792
  ✓ Saved best model → /mimer/NOBACKUP/groups/naiss2025-22-1298/CMO/experiments/checkpoints/train_faster/resnet18_f/resnet18_fine_best.pt
Epoch   7/30 | train loss=0.0547 (cte=0.0002, dist=0.0384) | val loss=0.0533 cte_mae=0.0068 dist_acc=0.799
  ✓ Saved best model → /mimer/NOBACKUP/groups/naiss2025-22-1298/CMO/experiments/checkpoints/train_faster/resnet18_f/resnet18_fine_best.pt
Epoch   8/30 | train loss=0.0511 (cte=0.0001, dist=0.0363) | val loss=0.0542 cte_mae=0.0088 dist_acc=0.801
Epoch   9/30 | train loss=0.0485 (cte=0.0001, dist=0.0347) | val loss=0.0499 cte_mae=0.0068 dist_acc=0.812
  ✓ Saved best model → /mimer/NOBACKUP/groups/naiss2025-22-1298/CMO/experiments/checkpoints/train_faster/resnet18_f/resnet18_fine_best.pt
Epoch  10/30 | train loss=0.0458 (cte=0.0001, dist=0.0331) | val loss=0.0484 cte_mae=0.0067 dist_acc=0.813
  ✓ Saved best model → /mimer/NOBACKUP/groups/naiss2025-22-1298/CMO/experiments/checkpoints/train_faster/resnet18_f/resnet18_fine_best.pt
Epoch  11/30 | train loss=0.0438 (cte=0.0001, dist=0.0318) | val loss=0.0466 cte_mae=0.0057 dist_acc=0.818
  ✓ Saved best model → /mimer/NOBACKUP/groups/naiss2025-22-1298/CMO/experiments/checkpoints/train_faster/resnet18_f/resnet18_fine_best.pt
Epoch  12/30 | train loss=0.0416 (cte=0.0001, dist=0.0305) | val loss=0.0463 cte_mae=0.0060 dist_acc=0.825
  ✓ Saved best model → /mimer/NOBACKUP/groups/naiss2025-22-1298/CMO/experiments/checkpoints/train_faster/resnet18_f/resnet18_fine_best.pt
Epoch  13/30 | train loss=0.0400 (cte=0.0001, dist=0.0293) | val loss=0.0487 cte_mae=0.0063 dist_acc=0.821
Epoch  14/30 | train loss=0.0380 (cte=0.0001, dist=0.0282) | val loss=0.0451 cte_mae=0.0058 dist_acc=0.828
  ✓ Saved best model → /mimer/NOBACKUP/groups/naiss2025-22-1298/CMO/experiments/checkpoints/train_faster/resnet18_f/resnet18_fine_best.pt
Epoch  15/30 | train loss=0.0367 (cte=0.0001, dist=0.0271) | val loss=0.0449 cte_mae=0.0069 dist_acc=0.830
  ✓ Saved best model → /mimer/NOBACKUP/groups/naiss2025-22-1298/CMO/experiments/checkpoints/train_faster/resnet18_f/resnet18_fine_best.pt
Epoch  16/30 | train loss=0.0350 (cte=0.0001, dist=0.0261) | val loss=0.0455 cte_mae=0.0060 dist_acc=0.832
Epoch  17/30 | train loss=0.0336 (cte=0.0001, dist=0.0252) | val loss=0.0437 cte_mae=0.0056 dist_acc=0.836
  ✓ Saved best model → /mimer/NOBACKUP/groups/naiss2025-22-1298/CMO/experiments/checkpoints/train_faster/resnet18_f/resnet18_fine_best.pt
Epoch  18/30 | train loss=0.0322 (cte=0.0001, dist=0.0242) | val loss=0.0444 cte_mae=0.0057 dist_acc=0.835
Epoch  19/30 | train loss=0.0309 (cte=0.0001, dist=0.0234) | val loss=0.0431 cte_mae=0.0059 dist_acc=0.840
  ✓ Saved best model → /mimer/NOBACKUP/groups/naiss2025-22-1298/CMO/experiments/checkpoints/train_faster/resnet18_f/resnet18_fine_best.pt
Epoch  20/30 | train loss=0.0299 (cte=0.0001, dist=0.0226) | val loss=0.0447 cte_mae=0.0066 dist_acc=0.838
Epoch  21/30 | train loss=0.0284 (cte=0.0001, dist=0.0217) | val loss=0.0450 cte_mae=0.0062 dist_acc=0.838
Epoch  22/30 | train loss=0.0275 (cte=0.0001, dist=0.0210) | val loss=0.0436 cte_mae=0.0061 dist_acc=0.841
Epoch  23/30 | train loss=0.0263 (cte=0.0001, dist=0.0202) | val loss=0.0445 cte_mae=0.0056 dist_acc=0.840
Epoch  24/30 | train loss=0.0202 (cte=0.0000, dist=0.0158) | val loss=0.0437 cte_mae=0.0055 dist_acc=0.853
  Early stopping after 5 epoch(s) without improvement.

=== Test set evaluation ===
