This job can be monitored from: https://job.c3se.chalmers.se/alvis/6390658
Copying dataset to local scratch: /local/tmp.6390658
Device: cuda
Split: 1,510,049 train / 302,009 val / 201,339 test samples
Dataset: 1510049 samples (coarse granularity) from /local/tmp.6390658/dataset_packed.h5
Dataset: 302009 samples (coarse granularity) from /local/tmp.6390658/dataset_packed.h5
Dataset: 201339 samples (coarse granularity) from /local/tmp.6390658/dataset_packed.h5
torch.compile() enabled

Training resnet101 + coarse granularity

Mixed precision (AMP) enabled
Epoch   1/30 | train loss=0.1927 (cte=0.0006, dist=0.1283) | val loss=0.0986 cte_mae=0.0104 dist_acc=0.904
  ✓ Saved best model → /mimer/NOBACKUP/groups/naiss2025-22-1298/CMO/experiments/checkpoints/train_faster/resnet101_c/resnet101_coarse_best.pt
Epoch   2/30 | train loss=0.0910 (cte=0.0003, dist=0.0645) | val loss=0.0768 cte_mae=0.0088 dist_acc=0.927
  ✓ Saved best model → /mimer/NOBACKUP/groups/naiss2025-22-1298/CMO/experiments/checkpoints/train_faster/resnet101_c/resnet101_coarse_best.pt
Epoch   3/30 | train loss=0.0738 (cte=0.0002, dist=0.0518) | val loss=0.0740 cte_mae=0.0098 dist_acc=0.932
  ✓ Saved best model → /mimer/NOBACKUP/groups/naiss2025-22-1298/CMO/experiments/checkpoints/train_faster/resnet101_c/resnet101_coarse_best.pt
Epoch   4/30 | train loss=0.0636 (cte=0.0002, dist=0.0446) | val loss=0.0644 cte_mae=0.0078 dist_acc=0.938
  ✓ Saved best model → /mimer/NOBACKUP/groups/naiss2025-22-1298/CMO/experiments/checkpoints/train_faster/resnet101_c/resnet101_coarse_best.pt
Epoch   5/30 | train loss=0.0567 (cte=0.0002, dist=0.0395) | val loss=0.0619 cte_mae=0.0081 dist_acc=0.940
  ✓ Saved best model → /mimer/NOBACKUP/groups/naiss2025-22-1298/CMO/experiments/checkpoints/train_faster/resnet101_c/resnet101_coarse_best.pt
Epoch   6/30 | train loss=0.0507 (cte=0.0002, dist=0.0356) | val loss=0.0616 cte_mae=0.0101 dist_acc=0.943
  ✓ Saved best model → /mimer/NOBACKUP/groups/naiss2025-22-1298/CMO/experiments/checkpoints/train_faster/resnet101_c/resnet101_coarse_best.pt
Epoch   7/30 | train loss=0.0463 (cte=0.0001, dist=0.0322) | val loss=0.0629 cte_mae=0.0111 dist_acc=0.946
Epoch   8/30 | train loss=0.0424 (cte=0.0001, dist=0.0294) | val loss=0.0552 cte_mae=0.0065 dist_acc=0.946
  ✓ Saved best model → /mimer/NOBACKUP/groups/naiss2025-22-1298/CMO/experiments/checkpoints/train_faster/resnet101_c/resnet101_coarse_best.pt
Epoch   9/30 | train loss=0.0390 (cte=0.0001, dist=0.0268) | val loss=0.0598 cte_mae=0.0076 dist_acc=0.946
Epoch  10/30 | train loss=0.0360 (cte=0.0001, dist=0.0247) | val loss=0.0563 cte_mae=0.0068 dist_acc=0.948
Epoch  11/30 | train loss=0.0329 (cte=0.0001, dist=0.0225) | val loss=0.0573 cte_mae=0.0066 dist_acc=0.948
  Early stopping after 3 epoch(s) without improvement.

=== Test set evaluation ===
