This job can be monitored from: https://job.c3se.chalmers.se/alvis/6390655
Copying dataset to local scratch: /local/tmp.6390655
Device: cuda
Split: 1,510,049 train / 302,009 val / 201,339 test samples
Dataset: 1510049 samples (medium granularity) from /local/tmp.6390655/dataset_packed.h5
Dataset: 302009 samples (medium granularity) from /local/tmp.6390655/dataset_packed.h5
Dataset: 201339 samples (medium granularity) from /local/tmp.6390655/dataset_packed.h5
torch.compile() enabled

Training resnet101 + medium granularity

Mixed precision (AMP) enabled
Epoch   1/30 | train loss=0.1707 (cte=0.0006, dist=0.1105) | val loss=0.0931 cte_mae=0.0120 dist_acc=0.846
  ✓ Saved best model → /mimer/NOBACKUP/groups/naiss2025-22-1298/CMO/experiments/checkpoints/train_faster/resnet101_m/resnet101_medium_best.pt
Epoch   2/30 | train loss=0.0863 (cte=0.0003, dist=0.0600) | val loss=0.0748 cte_mae=0.0088 dist_acc=0.876
  ✓ Saved best model → /mimer/NOBACKUP/groups/naiss2025-22-1298/CMO/experiments/checkpoints/train_faster/resnet101_m/resnet101_medium_best.pt
Epoch   3/30 | train loss=0.0706 (cte=0.0002, dist=0.0488) | val loss=0.0649 cte_mae=0.0085 dist_acc=0.893
  ✓ Saved best model → /mimer/NOBACKUP/groups/naiss2025-22-1298/CMO/experiments/checkpoints/train_faster/resnet101_m/resnet101_medium_best.pt
Epoch   4/30 | train loss=0.0618 (cte=0.0002, dist=0.0425) | val loss=0.0606 cte_mae=0.0073 dist_acc=0.896
  ✓ Saved best model → /mimer/NOBACKUP/groups/naiss2025-22-1298/CMO/experiments/checkpoints/train_faster/resnet101_m/resnet101_medium_best.pt
Epoch   5/30 | train loss=0.0554 (cte=0.0002, dist=0.0380) | val loss=0.0584 cte_mae=0.0078 dist_acc=0.904
  ✓ Saved best model → /mimer/NOBACKUP/groups/naiss2025-22-1298/CMO/experiments/checkpoints/train_faster/resnet101_m/resnet101_medium_best.pt
Epoch   6/30 | train loss=0.0499 (cte=0.0002, dist=0.0344) | val loss=0.0574 cte_mae=0.0074 dist_acc=0.906
  ✓ Saved best model → /mimer/NOBACKUP/groups/naiss2025-22-1298/CMO/experiments/checkpoints/train_faster/resnet101_m/resnet101_medium_best.pt
Epoch   7/30 | train loss=0.0453 (cte=0.0001, dist=0.0315) | val loss=0.0511 cte_mae=0.0063 dist_acc=0.913
  ✓ Saved best model → /mimer/NOBACKUP/groups/naiss2025-22-1298/CMO/experiments/checkpoints/train_faster/resnet101_m/resnet101_medium_best.pt
Epoch   8/30 | train loss=0.0420 (cte=0.0001, dist=0.0289) | val loss=0.0496 cte_mae=0.0060 dist_acc=0.915
  ✓ Saved best model → /mimer/NOBACKUP/groups/naiss2025-22-1298/CMO/experiments/checkpoints/train_faster/resnet101_m/resnet101_medium_best.pt
Epoch   9/30 | train loss=0.0382 (cte=0.0001, dist=0.0266) | val loss=0.0511 cte_mae=0.0067 dist_acc=0.916
Epoch  10/30 | train loss=0.0356 (cte=0.0001, dist=0.0245) | val loss=0.0505 cte_mae=0.0060 dist_acc=0.917
Epoch  11/30 | train loss=0.0329 (cte=0.0001, dist=0.0228) | val loss=0.0531 cte_mae=0.0088 dist_acc=0.919
  Early stopping after 3 epoch(s) without improvement.

=== Test set evaluation ===
