This job can be monitored from: https://job.c3se.chalmers.se/alvis/6362536
Device: cuda
Split: 2250 train / 450 val / 300 test runs
  [skip] data/2333 — missing dist.npz, cte.npz, or maneuver.npz
  [skip] data/2077 — missing dist.npz, cte.npz, or maneuver.npz
  [skip] data/2190 — missing dist.npz, cte.npz, or maneuver.npz
  [skip] data/2217 — missing dist.npz, cte.npz, or maneuver.npz
  [skip] data/2303 — missing dist.npz, cte.npz, or maneuver.npz
  [skip] data/2476 — missing dist.npz, cte.npz, or maneuver.npz
  [skip] data/2464 — missing dist.npz, cte.npz, or maneuver.npz
Dataset: 382943 samples from 2250 runs (coarse granularity)
  [skip] data/2278 — missing dist.npz, cte.npz, or maneuver.npz
  [skip] data/2416 — missing dist.npz, cte.npz, or maneuver.npz
  [skip] data/2445 — missing dist.npz, cte.npz, or maneuver.npz
Dataset: 76178 samples from 450 runs (coarse granularity)
  [skip] data/2369 — missing dist.npz, cte.npz, or maneuver.npz
  [skip] data/2400 — missing dist.npz, cte.npz, or maneuver.npz
Dataset: 50958 samples from 300 runs (coarse granularity)

Training resnet18 + coarse granularity

  [phase 1] Backbone frozen — training heads only
Epoch   1/30 [phase 1] | train loss=1.4123 (cte=0.0097, dist=0.4404) | val loss=1.1814 cte_mae=0.1030m dist_acc=0.449
  ✓ Saved best model → /mimer/NOBACKUP/groups/naiss2025-22-1298/CMO/experiments/checkpoints/newest/freeze/turn_resnet18_c/resnet18_coarse_best.pt
Epoch   2/30 [phase 1] | train loss=1.2022 (cte=0.0079, dist=0.4086) | val loss=1.0485 cte_mae=0.0890m dist_acc=0.465
  ✓ Saved best model → /mimer/NOBACKUP/groups/naiss2025-22-1298/CMO/experiments/checkpoints/newest/freeze/turn_resnet18_c/resnet18_coarse_best.pt
Epoch   3/30 [phase 1] | train loss=1.1290 (cte=0.0073, dist=0.3963) | val loss=0.9895 cte_mae=0.0837m dist_acc=0.473
  ✓ Saved best model → /mimer/NOBACKUP/groups/naiss2025-22-1298/CMO/experiments/checkpoints/newest/freeze/turn_resnet18_c/resnet18_coarse_best.pt
Epoch   4/30 [phase 1] | train loss=1.0905 (cte=0.0070, dist=0.3870) | val loss=0.9681 cte_mae=0.0830m dist_acc=0.491
  ✓ Saved best model → /mimer/NOBACKUP/groups/naiss2025-22-1298/CMO/experiments/checkpoints/newest/freeze/turn_resnet18_c/resnet18_coarse_best.pt
Epoch   5/30 [phase 1] | train loss=1.0633 (cte=0.0068, dist=0.3802) | val loss=0.9558 cte_mae=0.0818m dist_acc=0.490
  ✓ Saved best model → /mimer/NOBACKUP/groups/naiss2025-22-1298/CMO/experiments/checkpoints/newest/freeze/turn_resnet18_c/resnet18_coarse_best.pt
  [phase 2] Backbone unfrozen — full fine-tuning
Epoch   6/30 [phase 2] | train loss=0.4597 (cte=0.0031, dist=0.1538) | val loss=0.2227 cte_mae=0.0278m dist_acc=0.892
  ✓ Saved best model → /mimer/NOBACKUP/groups/naiss2025-22-1298/CMO/experiments/checkpoints/newest/freeze/turn_resnet18_c/resnet18_coarse_best.pt
Epoch   7/30 [phase 2] | train loss=0.1872 (cte=0.0012, dist=0.0689) | val loss=0.1634 cte_mae=0.0210m dist_acc=0.905
  ✓ Saved best model → /mimer/NOBACKUP/groups/naiss2025-22-1298/CMO/experiments/checkpoints/newest/freeze/turn_resnet18_c/resnet18_coarse_best.pt
Epoch   8/30 [phase 2] | train loss=0.1335 (cte=0.0008, dist=0.0491) | val loss=0.1595 cte_mae=0.0207m dist_acc=0.909
  ✓ Saved best model → /mimer/NOBACKUP/groups/naiss2025-22-1298/CMO/experiments/checkpoints/newest/freeze/turn_resnet18_c/resnet18_coarse_best.pt
Epoch   9/30 [phase 2] | train loss=0.1080 (cte=0.0007, dist=0.0391) | val loss=0.1487 cte_mae=0.0172m dist_acc=0.910
  ✓ Saved best model → /mimer/NOBACKUP/groups/naiss2025-22-1298/CMO/experiments/checkpoints/newest/freeze/turn_resnet18_c/resnet18_coarse_best.pt
Epoch  10/30 [phase 2] | train loss=0.0924 (cte=0.0006, dist=0.0330) | val loss=0.1527 cte_mae=0.0165m dist_acc=0.912
Epoch  11/30 [phase 2] | train loss=0.0811 (cte=0.0005, dist=0.0283) | val loss=0.1573 cte_mae=0.0175m dist_acc=0.913
Epoch  12/30 [phase 2] | train loss=0.0720 (cte=0.0005, dist=0.0246) | val loss=0.1554 cte_mae=0.0162m dist_acc=0.913
Epoch  13/30 [phase 2] | train loss=0.0658 (cte=0.0004, dist=0.0219) | val loss=0.1633 cte_mae=0.0171m dist_acc=0.912
Epoch  14/30 [phase 2] | train loss=0.0603 (cte=0.0004, dist=0.0196) | val loss=0.1660 cte_mae=0.0152m dist_acc=0.911
  Early stopping: no validation improvement for 5 epoch(s).

=== Test set evaluation ===
  loss_total : 0.1512
  loss_cte   : 0.0008
  loss_dist  : 0.0731
  cte_mae    : 0.0191 
  dist_acc   : 0.9201
  per-class accuracy:
    (0,10]    : 0.972
    (10,20]   : 0.911
    (20,30]   : 0.902
    (30,40]   : 0.887
    (40,50]   : 0.882
    100       : 0.951
